cargo :    Compiling 
livana-backend-v2 
v0.1.0 (C:\Users\yami
t\Downloads\Desktop\l
ivanaFinalbackend\bac
kend-services)
At line:1 char:1
+ cargo test 2>&1 | 
Tee-Object -FilePath 
test_output.txt ; 
Get-Content  ...
+ ~~~~~~~~~~~~~~~
    + CategoryInfo   
           : NotSpe  
  cified: (   Comp   
 iling li...ckend    
-services):Strin    
g) [], RemoteExc    
eption
    + FullyQualified 
   ErrorId : Native  
  CommandError
 
warning: unused 
import: `crate::repos
itory::property_searc
h_repository::Propert
ySearchFilters as 
SearchFilters`
  --> src\services\pr
operty_search_service
.rs:12:9
   |
12 | pub use crate::r
epository::property_s
earch_repository::Pro
pertySearchFilters 
as SearchFilters;
   |         ^^^^^^^^
^^^^^^^^^^^^^^^^^^^^^
^^^^^^^^^^^^^^^^^^^^^
^^^^^^^^^^^^^^^^^^^^^
^^^^^^^^^^^^^^
   |
   = note: `#[warn(un
used_imports)]` on 
by default

warning: unused 
variable: `otp2`
  --> 
src\otp\mod.rs:30:13
   |
30 |         let 
otp2 = 
generate_otp();
   |             
^^^^ help: if this 
is intentional, 
prefix it with an 
underscore: `_otp2`
   |
   = note: `#[warn(un
used_variables)]` on 
by default

warning: struct 
`CareCrewService` is 
never constructed
 --> src\models\carec
rew.rs:9:12
  |
9 | pub struct 
CareCrewService {
  |            
^^^^^^^^^^^^^^^
  |
  = note: 
`#[warn(dead_code)]` 
on by default

warning: struct 
`CareCrewProvider` 
is never constructed
  --> src\models\care
crew.rs:21:12
   |
21 | pub struct 
CareCrewProvider {
   |            
^^^^^^^^^^^^^^^^

warning: struct 
`CareCrewBooking` is 
never constructed
  --> src\models\care
crew.rs:37:12
   |
37 | pub struct 
CareCrewBooking {
   |            
^^^^^^^^^^^^^^^

warning: 
`livana-backend-v2` 
(bin 
"livana-backend-v2" 
test) generated 5 
warnings (run `cargo 
fix --bin 
"livana-backend-v2" 
--tests` to apply 1 
suggestion)
    Finished `test` 
profile [unoptimized 
+ debuginfo] 
target(s) in 39.46s
     Running 
unittests 
src\main.rs (target\d
ebug\deps\livana_back
end_v2-67ae230d9a5d86
47.exe)

running 40 tests
test handlers::carecrew::tests::test_forward_transitions_valid ... ok
test handlers::carecrew::tests::test_scheduled_at_iso8601_valid ... ok
test handlers::carecrew::tests::test_provider_pagination_offset ... ok
test handlers::carecrew::tests::test_skipping_transitions_invalid ... ok
test handlers::carecrew::tests::test_status_invalid_values ... ok
test handlers::carecrew::tests::test_scheduled_at_iso8601_invalid ... ok
test handlers::carecrew::tests::test_limit_clamped ... ok
test handlers::carecrew::tests::test_terminal_states_no_transition ... ok
test handlers::carecrew::tests::test_update_status_deserialization ... ok
test handlers::carecrew::tests::test_total_pages_math ... ok
test handlers::carecrew::tests::test_status_valid_values ... ok
test handlers::carecrew::tests::test_create_booking_request_deserialization ... ok
test handlers::carecrew::tests::test_uuid_parse_invalid ... ok
test handlers::property_search::tests::test_limit_clamped_to_100 ... ok
test handlers::property_search::tests::test_page_clamping_default ... ok
test handlers::property_search::tests::test_page_clamping_zero_becomes_one ... ok
test handlers::carecrew::tests::test_uuid_parse_valid ... ok
test handlers::property_search::tests::test_pagination_offset_calculation ... ok
test handlers::property_search::tests::test_parse_int_csv_empty ... ok
test handlers::property_search::tests::test_parse_int_csv_partial_invalid ... ok
test handlers::property_search::tests::test_parse_int_csv_valid ... ok
test handlers::property_search::tests::test_sort_param_defaults_to_relevance ... ok
test handlers::property_search::tests::test_sort_price_asc ... ok
test handlers::property_search::tests::test_split_csv_empty_string ... ok
test handlers::property_search::tests::test_suggestion_min_length_validation ... ok
test handlers::property_search::tests::test_total_pages_calculation_exact ... ok
test handlers::property_search::tests::test_split_csv_normal ... ok
test handlers::property_search::tests::test_suggestion_valid_query ... ok
test handlers::property_search::tests::test_split_csv_with_spaces ... ok
test handlers::property_search::tests::test_total_pages_zero_results ... ok
test handlers::property_search::tests::test_total_pages_calculation_remainder ... ok
test models::carecrew::tests::test_create_booking_request_has_required_fields ... ok
test models::carecrew::tests::test_update_status_request_deserialization ... ok
test models::carecrew::tests::test_valid_statuses ... ok
test otp::tests::test_send_email_integration ... ignored
test otp::tests::test_send_sms_integration ... ignored
test models::carecrew::tests::test_valid_transitions ... ok
test models::carecrew::tests::test_invalid_transitions ... ok
test otp::tests::test_generate_otp_randomness ... ok
test otp::tests::test_generate_otp_length_and_numeric ... ok

test result: ok. 38 passed; 0 failed; 2 ignored; 0 measured; 0 filtered out; finished in 0.00s

